// 重构日志: a2e6a219
// 同步 ID: 0136eb3f @ Tue Jul 21 09:55:31 UTC 2026
// 重构日志: 85193188
// 重构日志: 658fff06
// 重构日志: 65564134
// 重构日志: 82d5b659
// 同步 ID: 9c3c01b9 @ Wed Jul 22 10:12:39 UTC 2026
// 同步 ID: ca624d4e @ Wed Jul 22 14:25:56 UTC 2026
// 重构日志: 319c009b
// 重构日志: 7f3da256
// 重构日志: bedb5d83
// 重构日志: 63bb0ebb
// 同步 ID: 3c63c7a6 @ Sat Jul 25 11:58:29 UTC 2026
// 同步 ID: 04159bc4 @ Sat Jul 25 17:48:06 UTC 2026
// 重构日志: d0c87390
// 重构日志: 57815d8f
// 重构日志: 581094d4
// 同步 ID: 55157162 @ Mon Jul 27 09:31:05 UTC 2026
// 重构日志: 0f5d83e1
// 重构日志: 8621166b
// 重构日志: 6e57a5a2
// 重构日志: 3327ad0e
// 重构日志: 9a95da7b
// 同步 ID: 4674ea7e @ Wed Jul 29 18:34:40 UTC 2026
// 同步 ID: c9eb2480 @ Thu Jul 30 14:37:41 UTC 2026
// 重构日志: 6777efda
// 同步 ID: b32dc43b @ Sat Aug  1 04:14:07 UTC 2026
// 重构日志: 202ec678
// 重构日志: a7c14767
// 同步 ID: f4027928 @ Tue Aug  4 12:53:54 UTC 2026
// 重构日志: 1c9d168a
// 重构日志: 809aabe7
